[22m[37mCuPy unavailable: No module named 'cupy'[0m
================================================================================
ATC BENCHMARK: Python (mini) vs Rust (serverless)
================================================================================

Symbols: BTCUSDT, ETHUSDT, XMRUSDT
Timeframes: 15m, 1h, 4h
Bars per timeframe: 500

Building Rust benchmark binary...
✓ Rust binary built successfully


Benchmarking BTCUSDT @ 15m...
  Running Python module...
Starting ATC signal computation for 500 bars
Parameters: robustness=Narrow, lambda_scaled=2e-05, decay_scaled=0.0003, cutout=0, strategy_mode=False, equity_floor=0.25
Memory Manager initialized
Hardware Manager initialized
CUDA GPU detected via Numba: 1 device(s)
XGBoost GPU available (nvidia-smi check passed)
nvidia-smi output: GPU 0: NVIDIA GeForce GTX 1660 SUPER (UUID: GPU-9e72f548-f113-549c-1f66-60bb813f5af7)
Hardware detected: 12 cores, 31.90GB RAM (52.3% used), GPU: cuda
Workload config: MP=False(1), MT=True(9), GPU=None, batch=9, chunk=9
Enhanced Cache Manager initialized: L1=128, L2=1024, L2_max_size=1000.0MB, dir=.cache/atc
  L2 miss - key not in L2: ma=EMA|len=28|d=6169ee907d334aec|idx=524db802
  L2 has 0 keys
Cache MISS #1: ma_type=EMA, length=28, key=ma=EMA|len=28|d=6169ee907d334aec|idx=524db802...
  L2 miss - key not in L2: ma=EMA|len=29|d=6169ee907d334aec|idx=524db802
  L2 has 0 keys
Cache MISS #2: ma_type=EMA, length=29, key=ma=EMA|len=29|d=6169ee907d334aec|idx=524db802...
  L2 miss - key not in L2: ma=EMA|len=30|d=6169ee907d334aec|idx=524db802
  L2 has 0 keys
Cache MISS #3: ma_type=EMA, length=30, key=ma=EMA|len=30|d=6169ee907d334aec|idx=524db802...
  L2 miss - key not in L2: ma=EMA|len=31|d=6169ee907d334aec|idx=524db802
  L2 has 0 keys
Cache MISS #4: ma_type=EMA, length=31, key=ma=EMA|len=31|d=6169ee907d334aec|idx=524db802...
  L2 miss - key not in L2: ma=EMA|len=32|d=6169ee907d334aec|idx=524db802
  L2 has 0 keys
Cache MISS #5: ma_type=EMA, length=32, key=ma=EMA|len=32|d=6169ee907d334aec|idx=524db802...
Cache MISS #6: ma_type=EMA, length=27, key=ma=EMA|len=27|d=6169ee907d334aec|idx=524db802...
Cache MISS #7: ma_type=EMA, length=26, key=ma=EMA|len=26|d=6169ee907d334aec|idx=524db802...
Cache MISS #8: ma_type=EMA, length=25, key=ma=EMA|len=25|d=6169ee907d334aec|idx=524db802...
Cache MISS #9: ma_type=EMA, length=24, key=ma=EMA|len=24|d=6169ee907d334aec|idx=524db802...
Fallback (pandas_ta/numba) used for EMA calculationFallback (pandas_ta/numba) used for EMA calculationFallback (pandas_ta/numba) used for EMA calculationFallback (pandas_ta/numba) used for EMA calculationFallback (pandas_ta/numba) used for EMA calculationFallback (pandas_ta/numba) used for EMA calculationFallback (pandas_ta/numba) used for EMA calculationFallback (pandas_ta/numba) used for EMA calculationFallback (pandas_ta/numba) used for EMA calculation








Cache MISS #10: ma_type=HMA, length=28, key=ma=HMA|len=28|d=6169ee907d334aec|idx=524db802...
Fallback (pandas_ta/numba) used for HMA calculation
Cache MISS #11: ma_type=HMA, length=30, key=ma=HMA|len=30|d=6169ee907d334aec|idx=524db802...
Fallback (pandas_ta/numba) used for HMA calculation
Cache MISS #12: ma_type=HMA, length=31, key=ma=HMA|len=31|d=6169ee907d334aec|idx=524db802...
Fallback (pandas_ta/numba) used for HMA calculation
Cache MISS #13: ma_type=HMA, length=32, key=ma=HMA|len=32|d=6169ee907d334aec|idx=524db802...
Fallback (pandas_ta/numba) used for HMA calculation
Cache MISS #14: ma_type=HMA, length=27, key=ma=HMA|len=27|d=6169ee907d334aec|idx=524db802...
Fallback (pandas_ta/numba) used for HMA calculation
Cache MISS #15: ma_type=HMA, length=26, key=ma=HMA|len=26|d=6169ee907d334aec|idx=524db802...Cache MISS #16: ma_type=HMA, length=25, key=ma=HMA|len=25|d=6169ee907d334aec|idx=524db802...Cache MISS #17: ma_type=HMA, length=24, key=ma=HMA|len=24|d=6169ee907d334aec|idx=524db802...
Cache MISS #18: ma_type=HMA, length=29, key=ma=HMA|len=29|d=6169ee907d334aec|idx=524db802...
Fallback (pandas_ta/numba) used for HMA calculation
Fallback (pandas_ta/numba) used for HMA calculationFallback (pandas_ta/numba) used for HMA calculation



Fallback (pandas_ta/numba) used for HMA calculation
Cache MISS #19: ma_type=WMA, length=28, key=ma=WMA|len=28|d=6169ee907d334aec|idx=524db802...
Fallback (pandas_ta/numba) used for WMA calculation
Cache MISS #20: ma_type=WMA, length=30, key=ma=WMA|len=30|d=6169ee907d334aec|idx=524db802...
Fallback (pandas_ta/numba) used for WMA calculation
Cache MISS #21: ma_type=WMA, length=31, key=ma=WMA|len=31|d=6169ee907d334aec|idx=524db802...
Fallback (pandas_ta/numba) used for WMA calculation
Cache MISS #22: ma_type=WMA, length=29, key=ma=WMA|len=29|d=6169ee907d334aec|idx=524db802...
Fallback (pandas_ta/numba) used for WMA calculation
Cache MISS #23: ma_type=WMA, length=32, key=ma=WMA|len=32|d=6169ee907d334aec|idx=524db802...
Fallback (pandas_ta/numba) used for WMA calculation
Cache MISS #24: ma_type=WMA, length=27, key=ma=WMA|len=27|d=6169ee907d334aec|idx=524db802...
Fallback (pandas_ta/numba) used for WMA calculation
Cache MISS #25: ma_type=WMA, length=26, key=ma=WMA|len=26|d=6169ee907d334aec|idx=524db802...Cache MISS #26: ma_type=WMA, length=25, key=ma=WMA|len=25|d=6169ee907d334aec|idx=524db802...Cache MISS #27: ma_type=WMA, length=24, key=ma=WMA|len=24|d=6169ee907d334aec|idx=524db802...

Fallback (pandas_ta/numba) used for WMA calculation
Fallback (pandas_ta/numba) used for WMA calculation

Fallback (pandas_ta/numba) used for WMA calculation
Cache MISS #28: ma_type=DEMA, length=29, key=ma=DEMA|len=29|d=6169ee907d334aec|idx=524db802...
Fallback (pandas_ta/numba) used for DEMA calculation
Cache MISS #29: ma_type=DEMA, length=30, key=ma=DEMA|len=30|d=6169ee907d334aec|idx=524db802...Fallback (pandas_ta/numba) used for DEMA calculation
Fallback (pandas_ta/numba) used for DEMA calculationFallback (pandas_ta/numba) used for DEMA calculationFallback (pandas_ta/numba) used for DEMA calculationFallback (pandas_ta/numba) used for DEMA calculation
Fallback (pandas_ta/numba) used for DEMA calculation
Fallback (pandas_ta/numba) used for DEMA calculation


Fallback (pandas_ta/numba) used for DEMA calculation


Fallback (pandas_ta/numba) used for LSMA calculation
Fallback (pandas_ta/numba) used for LSMA calculation
Fallback (pandas_ta/numba) used for LSMA calculation
Fallback (pandas_ta/numba) used for LSMA calculation
Fallback (pandas_ta/numba) used for LSMA calculation
Fallback (pandas_ta/numba) used for LSMA calculationFallback (pandas_ta/numba) used for LSMA calculationFallback (pandas_ta/numba) used for LSMA calculation

Fallback (pandas_ta/numba) used for LSMA calculation

Fallback (pandas_ta/numba) used for KAMA calculation
Fallback (pandas_ta/numba) used for KAMA calculation
Fallback (pandas_ta/numba) used for KAMA calculation
Fallback (pandas_ta/numba) used for KAMA calculationFallback (pandas_ta/numba) used for KAMA calculationFallback (pandas_ta/numba) used for KAMA calculationFallback (pandas_ta/numba) used for KAMA calculationFallback (pandas_ta/numba) used for KAMA calculation
Fallback (pandas_ta/numba) used for KAMA calculation




Computed 6 MA types
MA series contains 54 NaN values (10.8%). This may affect signal generation.
MA series contains 56 NaN values (11.2%). This may affect signal generation.
MA series contains 58 NaN values (11.6%). This may affect signal generation.
MA series contains 60 NaN values (12.0%). This may affect signal generation.
MA series contains 62 NaN values (12.4%). This may affect signal generation.
MA series contains 52 NaN values (10.4%). This may affect signal generation.
Completed Layer 1 signals
Computing Layer 2 equity weights...
[calculate_layer2_equities] Starting - RAM: 52.5%
[calculate_layer2_equities] Completed - RAM: 52.5% (delta+0.005GB)
Completed Layer 2 equity weights
Memory cleanup started (aggressive=False)
Cleanup complete: RAM at 52.5%
Computing Average_Signal (vectorized)...
Completed Average_Signal
Completed ATC signal computation for 500 bars
Starting ATC signal computation for 500 bars
Parameters: robustness=Narrow, lambda_scaled=2e-05, decay_scaled=0.0003, cutout=0, strategy_mode=False, equity_floor=0.25
Workload config: MP=False(1), MT=True(9), GPU=None, batch=9, chunk=9
Computed 6 MA types
MA series contains 54 NaN values (10.8%). This may affect signal generation.
MA series contains 56 NaN values (11.2%). This may affect signal generation.
MA series contains 58 NaN values (11.6%). This may affect signal generation.
MA series contains 60 NaN values (12.0%). This may affect signal generation.
MA series contains 62 NaN values (12.4%). This may affect signal generation.
MA series contains 52 NaN values (10.4%). This may affect signal generation.
Completed Layer 1 signals
Computing Layer 2 equity weights...
[calculate_layer2_equities] Starting - RAM: 52.5%
[calculate_layer2_equities] Completed - RAM: 52.5% (delta-0.000GB)
Completed Layer 2 equity weights
Memory cleanup started (aggressive=False)
Cleanup complete: RAM at 52.5%
Computing Average_Signal (vectorized)...
Completed Average_Signal
Completed ATC signal computation for 500 bars
Starting ATC signal computation for 500 bars
Parameters: robustness=Narrow, lambda_scaled=2e-05, decay_scaled=0.0003, cutout=0, strategy_mode=False, equity_floor=0.25
Workload config: MP=False(1), MT=True(9), GPU=None, batch=9, chunk=9
Computed 6 MA types
MA series contains 54 NaN values (10.8%). This may affect signal generation.
MA series contains 56 NaN values (11.2%). This may affect signal generation.
MA series contains 58 NaN values (11.6%). This may affect signal generation.
MA series contains 60 NaN values (12.0%). This may affect signal generation.
MA series contains 62 NaN values (12.4%). This may affect signal generation.
MA series contains 52 NaN values (10.4%). This may affect signal generation.
Completed Layer 1 signals
Computing Layer 2 equity weights...
[calculate_layer2_equities] Starting - RAM: 52.5%
[calculate_layer2_equities] Completed - RAM: 52.5% (delta-0.000GB)
Completed Layer 2 equity weights
Memory cleanup started (aggressive=False)
Cleanup complete: RAM at 52.5%
Computing Average_Signal (vectorized)...
Completed Average_Signal
Completed ATC signal computation for 500 bars
Starting ATC signal computation for 500 bars
Parameters: robustness=Narrow, lambda_scaled=2e-05, decay_scaled=0.0003, cutout=0, strategy_mode=False, equity_floor=0.25
Workload config: MP=False(1), MT=True(9), GPU=None, batch=9, chunk=9
Computed 6 MA types
MA series contains 54 NaN values (10.8%). This may affect signal generation.
MA series contains 56 NaN values (11.2%). This may affect signal generation.
MA series contains 58 NaN values (11.6%). This may affect signal generation.
MA series contains 60 NaN values (12.0%). This may affect signal generation.
MA series contains 62 NaN values (12.4%). This may affect signal generation.
MA series contains 52 NaN values (10.4%). This may affect signal generation.
Completed Layer 1 signals
Computing Layer 2 equity weights...
[calculate_layer2_equities] Starting - RAM: 52.5%
[calculate_layer2_equities] Completed - RAM: 52.5% (delta+0.000GB)
Completed Layer 2 equity weights
Memory cleanup started (aggressive=False)
Cleanup complete: RAM at 52.5%
Computing Average_Signal (vectorized)...
Completed Average_Signal
Completed ATC signal computation for 500 bars
Starting ATC signal computation for 500 bars
Parameters: robustness=Narrow, lambda_scaled=2e-05, decay_scaled=0.0003, cutout=0, strategy_mode=False, equity_floor=0.25
Workload config: MP=False(1), MT=True(9), GPU=None, batch=9, chunk=9
Computed 6 MA types
MA series contains 54 NaN values (10.8%). This may affect signal generation.
MA series contains 56 NaN values (11.2%). This may affect signal generation.
MA series contains 58 NaN values (11.6%). This may affect signal generation.
MA series contains 60 NaN values (12.0%). This may affect signal generation.
MA series contains 62 NaN values (12.4%). This may affect signal generation.
MA series contains 52 NaN values (10.4%). This may affect signal generation.
Completed Layer 1 signals
Computing Layer 2 equity weights...
[calculate_layer2_equities] Starting - RAM: 52.5%
[calculate_layer2_equities] Completed - RAM: 52.5% (delta+0.000GB)
Completed Layer 2 equity weights
Memory cleanup started (aggressive=False)
Cleanup complete: RAM at 52.5%
Computing Average_Signal (vectorized)...
Completed Average_Signal
Completed ATC signal computation for 500 bars
Starting ATC signal computation for 500 bars
Parameters: robustness=Narrow, lambda_scaled=2e-05, decay_scaled=0.0003, cutout=0, strategy_mode=False, equity_floor=0.25
Workload config: MP=False(1), MT=True(9), GPU=None, batch=9, chunk=9
Computed 6 MA types
MA series contains 54 NaN values (10.8%). This may affect signal generation.
MA series contains 56 NaN values (11.2%). This may affect signal generation.
MA series contains 58 NaN values (11.6%). This may affect signal generation.
MA series contains 60 NaN values (12.0%). This may affect signal generation.
MA series contains 62 NaN values (12.4%). This may affect signal generation.
MA series contains 52 NaN values (10.4%). This may affect signal generation.
Completed Layer 1 signals
Computing Layer 2 equity weights...
[calculate_layer2_equities] Starting - RAM: 52.5%
[calculate_layer2_equities] Completed - RAM: 52.5% (delta-0.001GB)
Completed Layer 2 equity weights
Memory cleanup started (aggressive=False)
Cleanup complete: RAM at 52.5%
Computing Average_Signal (vectorized)...
Completed Average_Signal
Completed ATC signal computation for 500 bars
    Time: 110.16 ± 1.19 ms
    Signal: SHORT (-0.3197)
  Running Rust module...
Traceback (most recent call last):
  File "C:\Users\Admin\Desktop\i-ching\crypto-probability\benchmark_atc_comparison.py", line 471, in <module>
    run_benchmark()
  File "C:\Users\Admin\Desktop\i-ching\crypto-probability\benchmark_atc_comparison.py", line 352, in run_benchmark
    rust_result = benchmark_rust_module(symbol, tf, data)
                  ^^^^^^^^^^^^^^^^^^^^^^^^^^^^^^^^^^^^^^^
  File "C:\Users\Admin\Desktop\i-ching\crypto-probability\benchmark_atc_comparison.py", line 260, in benchmark_rust_module
    _ = subprocess.run(
        ^^^^^^^^^^^^^^^
  File "C:\Users\Admin\AppData\Local\Programs\Python\Python312\Lib\subprocess.py", line 550, in run
    with Popen(*popenargs, **kwargs) as process:
         ^^^^^^^^^^^^^^^^^^^^^^^^^^^
  File "C:\Users\Admin\AppData\Local\Programs\Python\Python312\Lib\subprocess.py", line 1028, in __init__
    self._execute_child(args, executable, preexec_fn, close_fds,
  File "C:\Users\Admin\AppData\Local\Programs\Python\Python312\Lib\subprocess.py", line 1540, in _execute_child
    hp, ht, pid, tid = _winapi.CreateProcess(executable, args,
                       ^^^^^^^^^^^^^^^^^^^^^^^^^^^^^^^^^^^^^^^
FileNotFoundError: [WinError 206] The filename or extension is too long
